1.09.29~ data not align ork and education 
about,alignemnt of about